exports[`A </Error> renders correctly 1`] = `
<div
  style={
    Object {
      "padding": "16px",
    }
  }>
  <h1>
    Sorry!
  </h1>
  <p>
    Something went horribly wrongâ€¦
  </p>
</div>
`;
